◇ injected env (0) from .env // tip: ⌘ suppress logs { quiet: true }
Running in PAPER TRADING MODE with $1000 initial balance

--- Paper Futures Trader Cycle [2026-07-06T13:24:35.587Z] ---
Dashboard running at http://0.0.0.0:3001
Global Market Regime: SIDEWAYS

--- Paper Futures Trader Cycle [2026-07-06T13:25:35.589Z] ---
Global Market Regime: SIDEWAYS

--- Paper Futures Trader Cycle [2026-07-06T13:26:35.590Z] ---
Global Market Regime: SIDEWAYS

--- Paper Futures Trader Cycle [2026-07-06T13:27:35.591Z] ---
Global Market Regime: BEARISH

--- Paper Futures Trader Cycle [2026-07-06T13:28:35.593Z] ---
Global Market Regime: BEARISH

--- Paper Futures Trader Cycle [2026-07-06T13:29:35.610Z] ---
Global Market Regime: BEARISH

--- Paper Futures Trader Cycle [2026-07-06T13:30:35.619Z] ---
Global Market Regime: SIDEWAYS

--- Paper Futures Trader Cycle [2026-07-06T13:31:35.620Z] ---
Global Market Regime: SIDEWAYS

--- Paper Futures Trader Cycle [2026-07-06T13:32:35.631Z] ---
Global Market Regime: SIDEWAYS
